// Jest Snapshot v1, https://goo.gl/fbAQLP

exports[`Layout renders children correctly 1`] = `
<div>
  <div
    className="root"
  >
    <div
      className="container"
    >
      <div
        className="root"
        role="navigation"
      >
        <a
          className="link"
          href="/admin"
          onClick={[Function]}
        >
          Admin
        </a>
        <a
          className="link"
          href="/about"
          onClick={[Function]}
        >
          About
        </a>
        <a
          className="link"
          href="/contact"
          onClick={[Function]}
        >
          Contact
        </a>
      </div>
      <a
        className="brand"
        href="/"
        onClick={[Function]}
      >
        <img
          alt="React"
          height="38"
          src="logo-small.png"
          srcSet="logo-small@2x.png 2x"
          width="38"
        />
        <span
          className="brandTxt"
        >
          M.Saad Siddiqui
        </span>
      </a>
      <div
        className="banner"
      >
        <h1
          className="bannerTitle"
        >
          Ads Checkout
        </h1>
        <p
          className="bannerDesc"
        >
          SEEK is in the process of rewriting its job ads checkout system.
        </p>
      </div>
    </div>
  </div>
  <div
    className="child"
  />
  <div
    className="root"
  >
    <div
      className="container"
    >
      <span
        className="text"
      >
        © M.Saad Siddiqui
      </span>
      <span
        className="spacer"
      >
        ·
      </span>
      <a
        className="link"
        href="/"
        onClick={[Function]}
      >
        Home
      </a>
      <span
        className="spacer"
      >
        ·
      </span>
      <a
        className="link"
        href="/not-found"
        onClick={[Function]}
      >
        Not Found
      </a>
    </div>
  </div>
</div>
`;
